reset (204, b'')
depth=500 POST /reservations (201, b'{"reservation_id":"res_2","reference":"H5LHWHDV","restaurant_id":"r","table_id":"t","party_size":2,"status":"confirmed","starts_at_local":"2026-10-15T18:00","st')
depth=500 POST /reservation-moves (422, b'{"error":{"code":"validation_failed","message":"moves must be an array of 1 to 8 objects"}}')
depth=500 PATCH /reservations/OLDREF1 (409, b'{"error":{"code":"cutoff_passed","message":"too close to the start to change or cancel"}}')
depth=500 POST /auth/signup (422, b'{"error":{"code":"validation_failed","message":"missing required field(s): email, password, display_name"}}')
depth=500 POST /_test/import (422, b'{"error":{"code":"validation_failed","message":"expected {track: tablekeeper, format_version: 1, state: {...}}"}}')
depth=900 POST /reservations (409, b'{"error":{"code":"table_unavailable","message":"the table is taken at that time"}}')
depth=900 POST /reservation-moves (422, b'{"error":{"code":"validation_failed","message":"moves must be an array of 1 to 8 objects"}}')
depth=900 PATCH /reservations/OLDREF1 (409, b'{"error":{"code":"cutoff_passed","message":"too close to the start to change or cancel"}}')
depth=900 POST /auth/signup (422, b'{"error":{"code":"validation_failed","message":"missing required field(s): email, password, display_name"}}')
depth=900 POST /_test/import (422, b'{"error":{"code":"validation_failed","message":"expected {track: tablekeeper, format_version: 1, state: {...}}"}}')
depth=980 POST /reservations (409, b'{"error":{"code":"table_unavailable","message":"the table is taken at that time"}}')
depth=980 POST /reservation-moves (422, b'{"error":{"code":"validation_failed","message":"moves must be an array of 1 to 8 objects"}}')
depth=980 PATCH /reservations/OLDREF1 (409, b'{"error":{"code":"cutoff_passed","message":"too close to the start to change or cancel"}}')
depth=980 POST /auth/signup (422, b'{"error":{"code":"validation_failed","message":"missing required field(s): email, password, display_name"}}')
depth=980 POST /_test/import (422, b'{"error":{"code":"validation_failed","message":"expected {track: tablekeeper, format_version: 1, state: {...}}"}}')
depth=1000 POST /reservations (500, b'{"error":{"code":"internal_error","message":"unexpected server error"}}')
depth=1000 POST /reservation-moves (500, b'{"error":{"code":"internal_error","message":"unexpected server error"}}')
depth=1000 PATCH /reservations/OLDREF1 (409, b'{"error":{"code":"cutoff_passed","message":"too close to the start to change or cancel"}}')
depth=1000 POST /auth/signup (422, b'{"error":{"code":"validation_failed","message":"missing required field(s): email, password, display_name"}}')
depth=1000 POST /_test/import (422, b'{"error":{"code":"validation_failed","message":"expected {track: tablekeeper, format_version: 1, state: {...}}"}}')
depth=1100 POST /reservations (500, b'{"error":{"code":"internal_error","message":"unexpected server error"}}')
depth=1100 POST /reservation-moves (500, b'{"error":{"code":"internal_error","message":"unexpected server error"}}')
depth=1100 PATCH /reservations/OLDREF1 (409, b'{"error":{"code":"cutoff_passed","message":"too close to the start to change or cancel"}}')
depth=1100 POST /auth/signup (422, b'{"error":{"code":"validation_failed","message":"missing required field(s): email, password, display_name"}}')
depth=1100 POST /_test/import (422, b'{"error":{"code":"validation_failed","message":"expected {track: tablekeeper, format_version: 1, state: {...}}"}}')
depth=1300 POST /reservations (500, b'{"error":{"code":"internal_error","message":"unexpected server error"}}')
depth=1300 POST /reservation-moves (500, b'{"error":{"code":"internal_error","message":"unexpected server error"}}')
depth=1300 PATCH /reservations/OLDREF1 (409, b'{"error":{"code":"cutoff_passed","message":"too close to the start to change or cancel"}}')
depth=1300 POST /auth/signup (422, b'{"error":{"code":"validation_failed","message":"missing required field(s): email, password, display_name"}}')
depth=1300 POST /_test/import (422, b'{"error":{"code":"validation_failed","message":"expected {track: tablekeeper, format_version: 1, state: {...}}"}}')
depth=1600 POST /reservations (500, b'{"error":{"code":"internal_error","message":"unexpected server error"}}')
depth=1600 POST /reservation-moves (500, b'{"error":{"code":"internal_error","message":"unexpected server error"}}')
depth=1600 PATCH /reservations/OLDREF1 (409, b'{"error":{"code":"cutoff_passed","message":"too close to the start to change or cancel"}}')
depth=1600 POST /auth/signup (422, b'{"error":{"code":"validation_failed","message":"missing required field(s): email, password, display_name"}}')
depth=1600 POST /_test/import (422, b'{"error":{"code":"validation_failed","message":"expected {track: tablekeeper, format_version: 1, state: {...}}"}}')
depth=3000 POST /reservations (400, b'{"error":{"code":"malformed_request","message":"request body is not valid JSON of the expected shape"}}')
depth=3000 POST /reservation-moves (400, b'{"error":{"code":"malformed_request","message":"request body is not valid JSON of the expected shape"}}')
depth=3000 PATCH /reservations/OLDREF1 (400, b'{"error":{"code":"malformed_request","message":"request body is not valid JSON of the expected shape"}}')
depth=3000 POST /auth/signup (400, b'{"error":{"code":"malformed_request","message":"request body is not valid JSON of the expected shape"}}')
depth=3000 POST /_test/import (400, b'{"error":{"code":"malformed_request","message":"request body is not valid JSON of the expected shape"}}')
depth=100000 POST /reservations (400, b'{"error":{"code":"malformed_request","message":"request body is not valid JSON of the expected shape"}}')
depth=100000 POST /reservation-moves (400, b'{"error":{"code":"malformed_request","message":"request body is not valid JSON of the expected shape"}}')
depth=100000 PATCH /reservations/OLDREF1 (400, b'{"error":{"code":"malformed_request","message":"request body is not valid JSON of the expected shape"}}')
depth=100000 POST /auth/signup (400, b'{"error":{"code":"malformed_request","message":"request body is not valid JSON of the expected shape"}}')
depth=100000 POST /_test/import (400, b'{"error":{"code":"malformed_request","message":"request body is not valid JSON of the expected shape"}}')
GET old (200, b'{"reservation_id":"res_old","reference":"OLDREF1","restaurant_id":"r","table_id":"t","party_size":2,"status":"confirmed","starts_at_local":"1890-01-02T18:00","s')
avail 1890 200
export 200
